Hey, I've been trying to use The East Text Detector for a little project I have, but I'm facing errors such as the EAST module cuts off the characters causing later for the OCR module to not function well.
I am following [this tutorial ](https://www.pyimagesearch.com/2018/08/20/opencv-text-detection-east-text-detector/)
And [HERE ](https://imgur.com/AyvGhGP)you can see an example for an image I gave the module to handle.
I have the latest trained module, and Python 3.6.8
Is there any way to maybe increase the rectangle? 

Hi, I can't restore the east_icdar2015_resnet_v1_50_rbox checkpoint for training.

I restore successfully my previous checkpoints. I use --restore=True. But following error appears for east_icdar2015_resnet_v1_50_rbox:

ERROR:tensorflow:Couldn't match files for checkpoint /tmp/east_icdar2015_resnet_v1_50_rbox/model.ckpt-49491

Anyone found a way around this?
/home/yan/anaconda3/envs/py36/bin/python /home/yan/disk/All_python_Text/EAST-master/eval.py
make: Entering directory '/home/yan/disk/All_python_Text/EAST-master/lanms'
make: python3-config：命令未找到
make: python3-config：命令未找到
g++ -o adaptor.so -I include  -std=c++11 -O3   adaptor.cpp include/clipper/clipper.cpp --shared -fPIC
In file included from include/pybind11/pytypes.h:12:0,
                 from include/pybind11/cast.h:13,
                 from include/pybind11/attr.h:13,
                 from include/pybind11/pybind11.h:43,
                 from adaptor.cpp:1:
include/pybind11/common.h:100:20: fatal error: Python.h: 没有那个文件或目录
compilation terminated.
Makefile:10: recipe for target 'adaptor.so' failed
make: Leaving directory '/home/yan/disk/All_python_Text/EAST-master/lanms'
make: *** [adaptor.so] Error 1
Traceback (most recent call last):
  File "/home/yan/disk/All_python_Text/EAST-master/eval.py", line 9, in <module>
    import lanms
  File "/home/yan/disk/All_python_Text/EAST-master/lanms/__init__.py", line 8, in <module>
    raise RuntimeError('Cannot compile lanms: {}'.format(BASE_DIR))
RuntimeError: Cannot compile lanms: /home/yan/disk/All_python_Text/EAST-master/lanms
How does it apply to Java？
I have a question that what does the super parameter 'input_size' mean. Could you please help me? Thanks!
Here is the error which i am getting while running eval.py


Traceback (most recent call last):
  File "C:\Users\Administrator\AppData\Local\Programs\Python\Python36\lib\site-packages\tensorflow\python\client\session.py", line 1323, in _do_call
    return fn(*args)
  File "C:\Users\Administrator\AppData\Local\Programs\Python\Python36\lib\site-packages\tensorflow\python\client\session.py", line 1302, in _run_fn
    status, run_metadata)
  File "C:\Users\Administrator\AppData\Local\Programs\Python\Python36\lib\site-packages\tensorflow\python\framework\errors_impl.py", line 473, in __exit__
    c_api.TF_GetCode(self.status.status))
tensorflow.python.framework.errors_impl.NotFoundError: NewRandomAccessFile failed to Create/Open: checkpoints\model.ckpt-9097.data-00000-of-00001 : The system cannot find the file specified.

; No such file or directory
	 [[Node: save/RestoreV2_81 = RestoreV2[dtypes=[DT_FLOAT], _device="/job:localhost/replica:0/task:0/device:CPU:0"](_arg_save/Const_0_0, save/RestoreV2_81/tensor_names, save/RestoreV2_81/shape_and_slices)]]
	 [[Node: save/RestoreV2_229/_177 = _Recv[client_terminated=false, recv_device="/job:localhost/replica:0/task:0/device:GPU:0", send_device="/job:localhost/replica:0/task:0/device:CPU:0", send_device_incarnation=1, tensor_name="edge_842_save/RestoreV2_229", tensor_type=DT_FLOAT, _device="/job:localhost/replica:0/task:0/device:GPU:0"]()]]

During handling of the above exception, another exception occurred:

Traceback (most recent call last):
  File "C:/Users/Administrator/Desktop/east text/EAST-master/new_eval.py", line 199, in <module>
    tf.app.run()
  File "C:\Users\Administrator\AppData\Local\Programs\Python\Python36\lib\site-packages\tensorflow\python\platform\app.py", line 48, in run
    _sys.exit(main(_sys.argv[:1] + flags_passthrough))
  File "C:/Users/Administrator/Desktop/east text/EAST-master/new_eval.py", line 150, in main
    saver.restore(sess2, model_path)
  File "C:\Users\Administrator\AppData\Local\Programs\Python\Python36\lib\site-packages\tensorflow\python\training\saver.py", line 1666, in restore
    {self.saver_def.filename_tensor_name: save_path})
  File "C:\Users\Administrator\AppData\Local\Programs\Python\Python36\lib\site-packages\tensorflow\python\client\session.py", line 889, in run
    run_metadata_ptr)
  File "C:\Users\Administrator\AppData\Local\Programs\Python\Python36\lib\site-packages\tensorflow\python\client\session.py", line 1120, in _run
    feed_dict_tensor, options, run_metadata)
  File "C:\Users\Administrator\AppData\Local\Programs\Python\Python36\lib\site-packages\tensorflow\python\client\session.py", line 1317, in _do_run
    options, run_metadata)
  File "C:\Users\Administrator\AppData\Local\Programs\Python\Python36\lib\site-packages\tensorflow\python\client\session.py", line 1336, in _do_call
    raise type(e)(node_def, op, message)
tensorflow.python.framework.errors_impl.NotFoundError: NewRandomAccessFile failed to Create/Open: checkpoints\model.ckpt-9097.data-00000-of-00001 : The system cannot find the file specified.

; No such file or directory
	 [[Node: save/RestoreV2_81 = RestoreV2[dtypes=[DT_FLOAT], _device="/job:localhost/replica:0/task:0/device:CPU:0"](_arg_save/Const_0_0, save/RestoreV2_81/tensor_names, save/RestoreV2_81/shape_and_slices)]]
	 [[Node: save/RestoreV2_229/_177 = _Recv[client_terminated=false, recv_device="/job:localhost/replica:0/task:0/device:GPU:0", send_device="/job:localhost/replica:0/task:0/device:CPU:0", send_device_incarnation=1, tensor_name="edge_842_save/RestoreV2_229", tensor_type=DT_FLOAT, _device="/job:localhost/replica:0/task:0/device:GPU:0"]()]]

Caused by op 'save/RestoreV2_81', defined at:
  File "<string>", line 1, in <module>
  File "C:\Users\Administrator\AppData\Local\Programs\Python\Python36\lib\idlelib\run.py", line 144, in main
    ret = method(*args, **kwargs)
  File "C:\Users\Administrator\AppData\Local\Programs\Python\Python36\lib\idlelib\run.py", line 474, in runcode
    exec(code, self.locals)
  File "C:/Users/Administrator/Desktop/east text/EAST-master/new_eval.py", line 199, in <module>
    tf.app.run()
  File "C:\Users\Administrator\AppData\Local\Programs\Python\Python36\lib\site-packages\tensorflow\python\platform\app.py", line 48, in run
    _sys.exit(main(_sys.argv[:1] + flags_passthrough))
  File "C:/Users/Administrator/Desktop/east text/EAST-master/new_eval.py", line 144, in main
    saver = tf.train.Saver(variable_averages.variables_to_restore())
  File "C:\Users\Administrator\AppData\Local\Programs\Python\Python36\lib\site-packages\tensorflow\python\training\saver.py", line 1218, in __init__
    self.build()
  File "C:\Users\Administrator\AppData\Local\Programs\Python\Python36\lib\site-packages\tensorflow\python\training\saver.py", line 1227, in build
    self._build(self._filename, build_save=True, build_restore=True)
  File "C:\Users\Administrator\AppData\Local\Programs\Python\Python36\lib\site-packages\tensorflow\python\training\saver.py", line 1263, in _build
    build_save=build_save, build_restore=build_restore)
  File "C:\Users\Administrator\AppData\Local\Programs\Python\Python36\lib\site-packages\tensorflow\python\training\saver.py", line 751, in _build_internal
    restore_sequentially, reshape)
  File "C:\Users\Administrator\AppData\Local\Programs\Python\Python36\lib\site-packages\tensorflow\python\training\saver.py", line 427, in _AddRestoreOps
    tensors = self.restore_op(filename_tensor, saveable, preferred_shard)
  File "C:\Users\Administrator\AppData\Local\Programs\Python\Python36\lib\site-packages\tensorflow\python\training\saver.py", line 267, in restore_op
    [spec.tensor.dtype])[0])
  File "C:\Users\Administrator\AppData\Local\Programs\Python\Python36\lib\site-packages\tensorflow\python\ops\gen_io_ops.py", line 1020, in restore_v2
    shape_and_slices=shape_and_slices, dtypes=dtypes, name=name)
  File "C:\Users\Administrator\AppData\Local\Programs\Python\Python36\lib\site-packages\tensorflow\python\framework\op_def_library.py", line 787, in _apply_op_helper
    op_def=op_def)
  File "C:\Users\Administrator\AppData\Local\Programs\Python\Python36\lib\site-packages\tensorflow\python\framework\ops.py", line 2956, in create_op
    op_def=op_def)
  File "C:\Users\Administrator\AppData\Local\Programs\Python\Python36\lib\site-packages\tensorflow\python\framework\ops.py", line 1470, in __init__
    self._traceback = self._graph._extract_stack()  # pylint: disable=protected-access

NotFoundError (see above for traceback): NewRandomAccessFile failed to Create/Open: checkpoints\model.ckpt-9097.data-00000-of-00001 : The system cannot find the file specified.

; No such file or directory
	 [[Node: save/RestoreV2_81 = RestoreV2[dtypes=[DT_FLOAT], _device="/job:localhost/replica:0/task:0/device:CPU:0"](_arg_save/Const_0_0, save/RestoreV2_81/tensor_names, save/RestoreV2_81/shape_and_slices)]]
	 [[Node: save/RestoreV2_229/_177 = _Recv[client_terminated=false, recv_device="/job:localhost/replica:0/task:0/device:GPU:0", send_device="/job:localhost/replica:0/task:0/device:CPU:0", send_device_incarnation=1, tensor_name="edge_842_save/RestoreV2_229", tensor_type=DT_FLOAT, _device="/job:localhost/replica:0/task:0/device:GPU:0"]()]]
How do you modify the geometry map generation for QUAD part of the paper? what does it mean by the statement "For the QUAD ground truth, the value of each pixel with positive score in the 8-channel geometry map is its coordinate shift from the 4 vertices of the quadrangle" I would like to know all the modification needed to be made in the code for implementing for QUAD part. @zxytim @argman @mcdickenson @QaisarRajput 
您好，我想请问下，我采用的是icpr2018数据集，训练的时候出现聚合错误，然后知道是逆时针方向的原因，但我想问下怎么改成顺时针呢？
Seems that the calculation of polygon area is wrong:   ( in icdar.py)

def polygon_area(poly):
   edge = [
        (poly[1][0] - poly[0][0]) * (poly[1][1] + poly[0][1]),
        (poly[2][0] - poly[1][0]) * (poly[2][1] + poly[1][1]),
        (poly[3][0] - poly[2][0]) * (poly[3][1] + poly[2][1]),
        (poly[0][0] - poly[3][0]) * (poly[0][1] + poly[3][1])
    ]
    return np.sum(edge)/2.


Should it be:

   edge = [
        (poly[0][0] * poly[1][1]) - (poly[0][1] * poly[1][0]),
        (poly[1][0] * poly[2][1]) - (poly[1][1] * poly[2][0]),
        (poly[2][0] * poly[3][1]) - (poly[2][1] * poly[3][0]),
        (poly[3][0] * poly[0][1]) - (poly[3][1] * poly[0][0])
    ]
    return np.sum(edge)/2.

?

